tableaunode005-par/10.236.127.20/alive/1
kubes02e171-par/10.236.134.42/failed/4