KV: ---
this:
  is:
    only:
      a:
        test: true
