This example fetch kv that contains template with = 5 * 2
It should display 10
value: 10
