unit_included.erb, root=unit_included.erb
was_rendered_once: true
destination: unit_included.txt