consul-relay02-par.central.criteo.preprod to consul-relay02-par.central.criteo.preprod: 2.0e-05s
consul-relay02-par.central.criteo.preprod to consul06-par.central.criteo.preprod: 0.00496354s